Steam_scrapper/Database_of_items_price/Clutch Case.csv
Date,Price,Quantity Sold
Apr 25 2021 01: +0,0.257,117277
Apr 26 2021 01: +0,0.258,109268
Apr 27 2021 01: +0,0.261,112253
Apr 28 2021 01: +0,0.264,105028
Apr 29 2021 01: +0,0.262,103460
Apr 30 2021 01: +0,0.264,112539
May 01 2021 01: +0,0.266,109973
May 02 2021 01: +0,0.272,116477
May 03 2021 01: +0,0.265,109182
May 04 2021 01: +0,0.257,148474
May 05 2021 01: +0,0.256,136522
May 06 2021 01: +0,0.254,128912
May 07 2021 01: +0,0.255,129720
May 08 2021 01: +0,0.255,126990
May 09 2021 01: +0,0.264,120321
May 10 2021 01: +0,0.255,108922
May 11 2021 01: +0,0.253,106041
May 12 2021 01: +0,0.247,107272
May 13 2021 01: +0,0.247,114580
May 14 2021 01: +0,0.249,110917
May 15 2021 01: +0,0.242,116736
May 16 2021 01: +0,0.236,109203
May 17 2021 01: +0,0.236,97087
May 18 2021 01: +0,0.236,99497
May 19 2021 01: +0,0.237,102326
May 20 2021 01: +0,0.237,109610
May 21 2021 01: +0,0.231,105818
May 22 2021 01: +0,0.233,106705
May 23 2021 01: +0,0.224,105674
May 24 2021 01: +0,0.221,102224
May 25 2021 01: +0,0.223,104910
May 26 2021 01: +0,0.224,97212
May 27 2021 01: +0,0.224,104937
May 28 2021 01: +0,0.228,114009
May 29 2021 01: +0,0.234,130647
May 30 2021 01: +0,0.247,129212
May 31 2021 01: +0,0.251,117479
Jun 01 2021 01: +0,0.262,122535
Jun 02 2021 01: +0,0.286,147085
Jun 03 2021 01: +0,0.296,123457
Jun 04 2021 01: +0,0.359,386712
Jun 05 2021 01: +0,0.432,217036
Jun 06 2021 01: +0,0.332,146963
Jun 07 2021 01: +0,0.337,111402
Jun 08 2021 01: +0,0.343,107162
Jun 09 2021 01: +0,0.358,116401
Jun 10 2021 01: +0,0.392,106587
Jun 11 2021 01: +0,0.423,114614
Jun 12 2021 01: +0,0.419,107453
Jun 13 2021 01: +0,0.384,105188
Jun 14 2021 01: +0,0.353,100201
Jun 15 2021 01: +0,0.349,101953
Jun 16 2021 01: +0,0.358,98442
Jun 17 2021 01: +0,0.341,94902
Jun 18 2021 01: +0,0.34,97370
Jun 19 2021 01: +0,0.35,101916
Jun 20 2021 01: +0,0.343,97292
Jun 21 2021 01: +0,0.333,101095
Jun 22 2021 01: +0,0.335,99514
Jun 23 2021 01: +0,0.316,91572
Jun 24 2021 01: +0,0.297,113518
Jun 25 2021 01: +0,0.299,127327
Jun 26 2021 01: +0,0.298,109736
Jun 27 2021 01: +0,0.298,98395
Jun 28 2021 01: +0,0.298,105659
Jun 29 2021 01: +0,0.296,99093
Jun 30 2021 01: +0,0.287,94533
Jul 01 2021 01: +0,0.283,90311
Jul 02 2021 01: +0,0.274,89669
Jul 03 2021 01: +0,0.273,97473
Jul 04 2021 01: +0,0.268,86274
Jul 05 2021 01: +0,0.254,90021
Jul 06 2021 01: +0,0.254,87436
Jul 07 2021 01: +0,0.251,96468
Jul 08 2021 01: +0,0.243,83705
Jul 09 2021 01: +0,0.252,80403
Jul 10 2021 01: +0,0.257,73894
Jul 11 2021 01: +0,0.242,71417
Jul 12 2021 01: +0,0.24,84311
Jul 13 2021 01: +0,0.244,74635
Jul 14 2021 01: +0,0.244,78855
Jul 15 2021 01: +0,0.246,76348
Jul 16 2021 01: +0,0.248,73687
Jul 17 2021 01: +0,0.25,77634
Jul 18 2021 01: +0,0.26,80224
Jul 19 2021 01: +0,0.256,82718
Jul 20 2021 01: +0,0.259,74369
Jul 21 2021 01: +0,0.254,80006
Jul 22 2021 01: +0,0.265,83117
Jul 23 2021 01: +0,0.269,81241
Jul 24 2021 01: +0,0.262,79621
Jul 25 2021 01: +0,0.266,79643
Jul 26 2021 01: +0,0.262,72650
Jul 27 2021 01: +0,0.265,39289
Jul 28 2021 01: +0,0.258,73780
Jul 29 2021 01: +0,0.244,79636
Jul 30 2021 01: +0,0.244,77352
Jul 31 2021 01: +0,0.238,80232
Aug 01 2021 01: +0,0.235,71284
Aug 02 2021 01: +0,0.235,75667
Aug 03 2021 01: +0,0.232,73652
Aug 04 2021 01: +0,0.232,66052
Aug 05 2021 01: +0,0.237,56609
Aug 06 2021 01: +0,0.227,78684
Aug 07 2021 01: +0,0.22,76605
Aug 08 2021 01: +0,0.218,79680
Aug 09 2021 01: +0,0.214,75986
Aug 10 2021 01: +0,0.207,79405
Aug 11 2021 01: +0,0.205,73692
Aug 12 2021 01: +0,0.201,66420
Aug 13 2021 01: +0,0.198,75115
Aug 14 2021 01: +0,0.2,73859
Aug 15 2021 01: +0,0.188,68537
Aug 16 2021 01: +0,0.184,65434
Aug 17 2021 01: +0,0.173,73436
Aug 18 2021 01: +0,0.167,74569
Aug 19 2021 01: +0,0.17,76253
Aug 20 2021 01: +0,0.171,74472
Aug 21 2021 01: +0,0.171,68905
Aug 22 2021 01: +0,0.168,76428
Aug 23 2021 01: +0,0.164,73519
Aug 24 2021 01: +0,0.162,74949
Aug 25 2021 01: +0,0.155,69737
Aug 26 2021 01: +0,0.159,69179
Aug 27 2021 01: +0,0.158,73192
Aug 28 2021 01: +0,0.159,75056
Aug 29 2021 01: +0,0.16,72914
Aug 30 2021 01: +0,0.166,74010
Aug 31 2021 01: +0,0.176,82766
Sep 01 2021 01: +0,0.193,80318
Sep 02 2021 01: +0,0.201,77342
Sep 03 2021 01: +0,0.205,75832
Sep 04 2021 01: +0,0.203,80276
Sep 05 2021 01: +0,0.199,74409
Sep 06 2021 01: +0,0.2,68661
Sep 07 2021 01: +0,0.192,68230
Sep 08 2021 01: +0,0.19,71961
Sep 09 2021 01: +0,0.194,67346
Sep 10 2021 01: +0,0.189,86143
Sep 11 2021 01: +0,0.189,93857
Sep 12 2021 01: +0,0.192,90631
Sep 13 2021 01: +0,0.199,75014
Sep 14 2021 01: +0,0.198,74460
Sep 15 2021 01: +0,0.201,76693
Sep 16 2021 01: +0,0.204,75845
Sep 17 2021 01: +0,0.204,84483
Sep 18 2021 01: +0,0.205,89813
Sep 19 2021 01: +0,0.2,80355
Sep 20 2021 01: +0,0.202,79880
Sep 21 2021 01: +0,0.207,73216
Sep 22 2021 01: +0,0.17,168194
Sep 23 2021 01: +0,0.165,102754
Sep 24 2021 01: +0,0.171,92620
Sep 25 2021 01: +0,0.17,91021
Sep 26 2021 01: +0,0.164,74112
Sep 27 2021 01: +0,0.165,68946
Sep 28 2021 01: +0,0.162,67281
Sep 29 2021 01: +0,0.161,79594
Sep 30 2021 01: +0,0.154,69610
Oct 01 2021 01: +0,0.153,71075
Oct 02 2021 01: +0,0.156,85181
Oct 03 2021 01: +0,0.152,75709
Oct 04 2021 01: +0,0.151,67507
Oct 05 2021 01: +0,0.154,69697
Oct 06 2021 01: +0,0.151,73091
Oct 07 2021 01: +0,0.154,75751
Oct 08 2021 01: +0,0.152,74072
Oct 09 2021 01: +0,0.148,28304
Oct 09 2021 14: +0,0.14,3625
Oct 09 2021 15: +0,0.144,4389
Oct 09 2021 16: +0,0.139,4755
Oct 09 2021 17: +0,0.149,4157
Oct 09 2021 18: +0,0.143,4658
Oct 09 2021 19: +0,0.14,4470
Oct 09 2021 20: +0,0.136,4062
Oct 09 2021 21: +0,0.139,4373
Oct 09 2021 22: +0,0.139,3222
Oct 09 2021 23: +0,0.139,3100
Oct 10 2021 00: +0,0.138,2140
Oct 10 2021 01: +0,0.14,1541
Oct 10 2021 02: +0,0.14,1712
Oct 10 2021 03: +0,0.146,2365
Oct 10 2021 04: +0,0.15,1921
Oct 10 2021 05: +0,0.149,1748
Oct 10 2021 06: +0,0.15,2083
Oct 10 2021 07: +0,0.146,1657
Oct 10 2021 08: +0,0.15,2102
Oct 10 2021 09: +0,0.148,2451
Oct 10 2021 10: +0,0.15,3057
Oct 10 2021 11: +0,0.146,2591
Oct 10 2021 12: +0,0.14,2976
Oct 10 2021 13: +0,0.139,2826
Oct 10 2021 14: +0,0.14,3454
Oct 10 2021 15: +0,0.139,3638
Oct 10 2021 16: +0,0.139,3494
Oct 10 2021 17: +0,0.149,4834
Oct 10 2021 18: +0,0.146,4590
Oct 10 2021 19: +0,0.143,4276
Oct 10 2021 20: +0,0.144,3920
Oct 10 2021 21: +0,0.139,3006
Oct 10 2021 22: +0,0.133,1956
Oct 10 2021 23: +0,0.132,1901
Oct 11 2021 00: +0,0.131,1338
Oct 11 2021 01: +0,0.136,1442
Oct 11 2021 02: +0,0.15,2000
Oct 11 2021 03: +0,0.14,2274
Oct 11 2021 04: +0,0.139,1325
Oct 11 2021 05: +0,0.135,1209
Oct 11 2021 06: +0,0.138,1547
Oct 11 2021 07: +0,0.138,1566
Oct 11 2021 08: +0,0.138,1831
Oct 11 2021 09: +0,0.136,1864
Oct 11 2021 10: +0,0.135,2001
Oct 11 2021 11: +0,0.135,2351
Oct 11 2021 12: +0,0.135,2724
Oct 11 2021 13: +0,0.135,3267
Oct 11 2021 14: +0,0.133,3813
Oct 11 2021 15: +0,0.139,3856
Oct 11 2021 16: +0,0.149,4026
Oct 11 2021 17: +0,0.14,4460
Oct 11 2021 18: +0,0.137,3828
Oct 11 2021 19: +0,0.132,4162
Oct 11 2021 20: +0,0.133,3804
Oct 11 2021 21: +0,0.135,3261
Oct 11 2021 22: +0,0.134,2506
Oct 11 2021 23: +0,0.134,2135
Oct 12 2021 00: +0,0.131,1307
Oct 12 2021 01: +0,0.134,1446
Oct 12 2021 02: +0,0.132,1199
Oct 12 2021 03: +0,0.138,1390
Oct 12 2021 04: +0,0.135,1200
Oct 12 2021 05: +0,0.132,1216
Oct 12 2021 06: +0,0.133,1296
Oct 12 2021 07: +0,0.136,1355
Oct 12 2021 08: +0,0.138,1243
Oct 12 2021 09: +0,0.132,1677
Oct 12 2021 10: +0,0.139,2487
Oct 12 2021 11: +0,0.135,2140
Oct 12 2021 12: +0,0.14,3527
Oct 12 2021 13: +0,0.139,3585
Oct 12 2021 14: +0,0.136,3450
Oct 12 2021 15: +0,0.135,3725
Oct 12 2021 16: +0,0.15,5575
Oct 12 2021 17: +0,0.136,4843
Oct 12 2021 18: +0,0.138,4398
Oct 12 2021 19: +0,0.133,3583
Oct 12 2021 20: +0,0.133,3639
Oct 12 2021 21: +0,0.136,3329
Oct 12 2021 22: +0,0.133,2875
Oct 12 2021 23: +0,0.132,1999
Oct 13 2021 00: +0,0.134,1709
Oct 13 2021 01: +0,0.135,1634
Oct 13 2021 02: +0,0.135,1643
Oct 13 2021 03: +0,0.136,1938
Oct 13 2021 04: +0,0.136,1073
Oct 13 2021 05: +0,0.138,1326
Oct 13 2021 06: +0,0.138,1785
Oct 13 2021 07: +0,0.138,1832
Oct 13 2021 08: +0,0.138,1891
Oct 13 2021 09: +0,0.142,1830
Oct 13 2021 10: +0,0.138,1938
Oct 13 2021 11: +0,0.14,3390
Oct 13 2021 12: +0,0.137,2583
Oct 13 2021 13: +0,0.139,2935
Oct 13 2021 14: +0,0.14,3914
Oct 13 2021 15: +0,0.138,3920
Oct 13 2021 16: +0,0.146,3852
Oct 13 2021 17: +0,0.149,4810
Oct 13 2021 18: +0,0.139,4086
Oct 13 2021 19: +0,0.139,4732
Oct 13 2021 20: +0,0.137,4153
Oct 13 2021 21: +0,0.132,2871
Oct 13 2021 22: +0,0.132,2567
Oct 13 2021 23: +0,0.132,2028
Oct 14 2021 00: +0,0.132,1894
Oct 14 2021 01: +0,0.13,1340
Oct 14 2021 02: +0,0.13,1310
Oct 14 2021 03: +0,0.13,1267
Oct 14 2021 04: +0,0.138,1682
Oct 14 2021 05: +0,0.139,1314
Oct 14 2021 06: +0,0.13,1510
Oct 14 2021 07: +0,0.132,1306
Oct 14 2021 08: +0,0.135,1548
Oct 14 2021 09: +0,0.137,2115
Oct 14 2021 10: +0,0.132,2477
Oct 14 2021 11: +0,0.136,2510
Oct 14 2021 12: +0,0.136,2636
Oct 14 2021 13: +0,0.129,2879
Oct 14 2021 14: +0,0.13,2966
Oct 14 2021 15: +0,0.13,3332
Oct 14 2021 16: +0,0.139,5157
Oct 14 2021 17: +0,0.133,3943
Oct 14 2021 18: +0,0.138,4560
Oct 14 2021 19: +0,0.133,4239
Oct 14 2021 20: +0,0.128,3687
Oct 14 2021 21: +0,0.129,3150
Oct 14 2021 22: +0,0.129,3021
Oct 14 2021 23: +0,0.127,3232
Oct 15 2021 00: +0,0.13,1619
Oct 15 2021 01: +0,0.129,1724
Oct 15 2021 02: +0,0.127,1218
Oct 15 2021 03: +0,0.129,1714
Oct 15 2021 04: +0,0.129,1471
Oct 15 2021 05: +0,0.137,1888
Oct 15 2021 06: +0,0.132,1361
Oct 15 2021 07: +0,0.138,1321
Oct 15 2021 08: +0,0.137,1888
Oct 15 2021 09: +0,0.139,3378
Oct 15 2021 10: +0,0.138,2653
Oct 15 2021 11: +0,0.138,2346
Oct 15 2021 12: +0,0.137,2344
Oct 15 2021 13: +0,0.137,3526
Oct 15 2021 14: +0,0.139,3711
Oct 15 2021 15: +0,0.138,4496
Oct 15 2021 16: +0,0.137,3493
Oct 15 2021 17: +0,0.133,4097
Oct 15 2021 18: +0,0.132,3997
Oct 15 2021 19: +0,0.132,5349
Oct 15 2021 20: +0,0.129,3804
Oct 15 2021 21: +0,0.129,3343
Oct 15 2021 22: +0,0.127,3279
Oct 15 2021 23: +0,0.128,3393
Oct 16 2021 00: +0,0.129,1946
Oct 16 2021 01: +0,0.129,1673
Oct 16 2021 02: +0,0.13,1821
Oct 16 2021 03: +0,0.13,1401
Oct 16 2021 04: +0,0.13,1365
Oct 16 2021 05: +0,0.13,1541
Oct 16 2021 06: +0,0.129,1709
Oct 16 2021 07: +0,0.133,1788
Oct 16 2021 08: +0,0.138,2037
Oct 16 2021 09: +0,0.138,2992
Oct 16 2021 10: +0,0.13,2694
Oct 16 2021 11: +0,0.13,3115
Oct 16 2021 12: +0,0.13,3012
Oct 16 2021 13: +0,0.132,4064
Oct 16 2021 14: +0,0.13,3997
Oct 16 2021 15: +0,0.133,5395
Oct 16 2021 16: +0,0.13,3806
Oct 16 2021 17: +0,0.133,4245
Oct 16 2021 18: +0,0.13,4313
Oct 16 2021 19: +0,0.139,6266
Oct 16 2021 20: +0,0.127,4417
Oct 16 2021 21: +0,0.129,4597
Oct 16 2021 22: +0,0.127,3091
Oct 16 2021 23: +0,0.129,2595
Oct 17 2021 00: +0,0.123,1608
Oct 17 2021 01: +0,0.13,1713
Oct 17 2021 02: +0,0.129,1463
Oct 17 2021 03: +0,0.129,1448
Oct 17 2021 04: +0,0.138,1718
Oct 17 2021 05: +0,0.138,1612
Oct 17 2021 06: +0,0.132,1156
Oct 17 2021 07: +0,0.129,1588
Oct 17 2021 08: +0,0.137,2302
Oct 17 2021 09: +0,0.139,2904
Oct 17 2021 10: +0,0.139,3476
Oct 17 2021 11: +0,0.141,6095
Oct 17 2021 12: +0,0.137,2676
Oct 17 2021 13: +0,0.133,2994
Oct 17 2021 14: +0,0.13,2922
Oct 17 2021 15: +0,0.127,3146
Oct 17 2021 16: +0,0.126,3441
Oct 17 2021 17: +0,0.129,3791
Oct 17 2021 18: +0,0.126,3524
Oct 17 2021 19: +0,0.126,3794
Oct 17 2021 20: +0,0.125,2739
Oct 17 2021 21: +0,0.126,3327
Oct 17 2021 22: +0,0.126,2826
Oct 17 2021 23: +0,0.126,2112
Oct 18 2021 00: +0,0.13,1847
Oct 18 2021 01: +0,0.126,1326
Oct 18 2021 02: +0,0.129,1321
Oct 18 2021 03: +0,0.127,1164
Oct 18 2021 04: +0,0.128,1154
Oct 18 2021 05: +0,0.14,1578
Oct 18 2021 06: +0,0.133,1361
Oct 18 2021 07: +0,0.138,1989
Oct 18 2021 08: +0,0.137,2383
Oct 18 2021 09: +0,0.13,2823
Oct 18 2021 10: +0,0.127,3112
Oct 18 2021 11: +0,0.126,2864
Oct 18 2021 12: +0,0.126,3015
Oct 18 2021 13: +0,0.127,3359
Oct 18 2021 14: +0,0.13,3985
Oct 18 2021 15: +0,0.134,3451
Oct 18 2021 16: +0,0.127,2398
Oct 18 2021 17: +0,0.13,4094
Oct 18 2021 18: +0,0.129,3799
Oct 18 2021 19: +0,0.128,3332
Oct 18 2021 20: +0,0.13,4276
Oct 18 2021 21: +0,0.126,3494
Oct 18 2021 22: +0,0.126,2799
Oct 18 2021 23: +0,0.126,1701
Oct 19 2021 00: +0,0.126,1465
Oct 19 2021 01: +0,0.127,1688
Oct 19 2021 02: +0,0.129,1649
Oct 19 2021 03: +0,0.126,1243
Oct 19 2021 04: +0,0.129,1457
Oct 19 2021 05: +0,0.128,1149
Oct 19 2021 06: +0,0.131,1310
Oct 19 2021 07: +0,0.14,2520
Oct 19 2021 08: +0,0.139,2367
Oct 19 2021 09: +0,0.138,1870
Oct 19 2021 10: +0,0.137,2642
Oct 19 2021 11: +0,0.139,2472
Oct 19 2021 12: +0,0.14,2815
Oct 19 2021 13: +0,0.139,3197
Oct 19 2021 14: +0,0.128,2719
Oct 19 2021 15: +0,0.127,3150
Oct 19 2021 16: +0,0.13,3966
Oct 19 2021 17: +0,0.129,3435
Oct 19 2021 18: +0,0.126,3793
Oct 19 2021 19: +0,0.127,3815
Oct 19 2021 20: +0,0.126,3115
Oct 19 2021 21: +0,0.127,3742
Oct 19 2021 22: +0,0.124,2597
Oct 19 2021 23: +0,0.127,2486
Oct 20 2021 00: +0,0.125,1822
Oct 20 2021 01: +0,0.13,1860
Oct 20 2021 02: +0,0.127,1619
Oct 20 2021 03: +0,0.128,1187
Oct 20 2021 04: +0,0.14,1248
Oct 20 2021 05: +0,0.134,1636
Oct 20 2021 06: +0,0.138,1661
Oct 20 2021 07: +0,0.138,2005
Oct 20 2021 08: +0,0.14,2137
Oct 20 2021 09: +0,0.133,1661
Oct 20 2021 10: +0,0.127,2216
Oct 20 2021 11: +0,0.125,2018
Oct 20 2021 12: +0,0.13,3039
Oct 20 2021 13: +0,0.128,2910
Oct 20 2021 14: +0,0.126,2208
Oct 20 2021 15: +0,0.127,3971
Oct 20 2021 16: +0,0.133,3295
Oct 20 2021 17: +0,0.128,3655
Oct 20 2021 18: +0,0.127,4397
Oct 20 2021 19: +0,0.126,4184
Oct 20 2021 20: +0,0.128,4503
Oct 20 2021 21: +0,0.128,3493
Oct 20 2021 22: +0,0.12,2141
Oct 20 2021 23: +0,0.121,2304
Oct 21 2021 00: +0,0.122,1989
Oct 21 2021 01: +0,0.129,1672
Oct 21 2021 02: +0,0.13,1945
Oct 21 2021 03: +0,0.14,2259
Oct 21 2021 04: +0,0.14,1266
Oct 21 2021 05: +0,0.14,1106
Oct 21 2021 06: +0,0.15,1800
Oct 21 2021 07: +0,0.14,1455
Oct 21 2021 08: +0,0.134,1464
Oct 21 2021 09: +0,0.13,1771
Oct 21 2021 10: +0,0.125,1604
Oct 21 2021 11: +0,0.128,2201
Oct 21 2021 12: +0,0.127,2667
Oct 21 2021 13: +0,0.129,2496
Oct 21 2021 14: +0,0.13,2835
Oct 21 2021 15: +0,0.136,3529
Oct 21 2021 16: +0,0.13,3228
Oct 21 2021 17: +0,0.124,3104
Oct 21 2021 18: +0,0.127,3708
Oct 21 2021 19: +0,0.122,3003
Oct 21 2021 20: +0,0.123,3317
Oct 21 2021 21: +0,0.123,3043
Oct 21 2021 22: +0,0.124,2615
Oct 21 2021 23: +0,0.124,1942
Oct 22 2021 00: +0,0.122,2764
Oct 22 2021 01: +0,0.122,3546
Oct 22 2021 02: +0,0.122,3210
Oct 22 2021 03: +0,0.122,2020
Oct 22 2021 04: +0,0.122,1942
Oct 22 2021 05: +0,0.127,1981
Oct 22 2021 06: +0,0.127,2440
Oct 22 2021 07: +0,0.124,2937
Oct 22 2021 08: +0,0.127,3943
Oct 22 2021 09: +0,0.124,3896
Oct 22 2021 10: +0,0.124,3815
Oct 22 2021 11: +0,0.122,5275
Oct 22 2021 12: +0,0.131,4365
Oct 22 2021 13: +0,0.122,4384
Oct 22 2021 14: +0,0.123,5184
Oct 22 2021 15: +0,0.122,5264
Oct 22 2021 16: +0,0.119,3455
Oct 22 2021 17: +0,0.12,5055
Oct 22 2021 18: +0,0.124,5927
Oct 22 2021 19: +0,0.121,5419
Oct 22 2021 20: +0,0.12,5957
Oct 22 2021 21: +0,0.122,5353
Oct 22 2021 22: +0,0.12,4113
Oct 22 2021 23: +0,0.123,5206
Oct 23 2021 00: +0,0.122,2796
Oct 23 2021 01: +0,0.125,2116
Oct 23 2021 02: +0,0.123,1786
Oct 23 2021 03: +0,0.125,1912
Oct 23 2021 04: +0,0.122,1544
Oct 23 2021 05: +0,0.125,1915
Oct 23 2021 06: +0,0.123,2774
Oct 23 2021 07: +0,0.127,3744
Oct 23 2021 08: +0,0.125,3878
Oct 23 2021 09: +0,0.122,5204
Oct 23 2021 10: +0,0.122,4751
Oct 23 2021 11: +0,0.122,4313
Oct 23 2021 12: +0,0.126,5024
Oct 23 2021 13: +0,0.126,4404
Oct 23 2021 14: +0,0.126,5390
Oct 23 2021 15: +0,0.125,4647
Oct 23 2021 16: +0,0.12,4282
Oct 23 2021 17: +0,0.124,5943
Oct 23 2021 18: +0,0.12,5266
Oct 23 2021 19: +0,0.12,4596
Oct 23 2021 20: +0,0.12,4885
Oct 23 2021 21: +0,0.124,5070
Oct 23 2021 22: +0,0.122,3862
Oct 23 2021 23: +0,0.116,2469
Oct 24 2021 00: +0,0.113,2540
Oct 24 2021 01: +0,0.12,2245
Oct 24 2021 02: +0,0.114,1521
Oct 24 2021 03: +0,0.122,1923
Oct 24 2021 04: +0,0.115,1509
Oct 24 2021 05: +0,0.128,1474
Oct 24 2021 06: +0,0.127,2302
Oct 24 2021 07: +0,0.128,2290
Oct 24 2021 08: +0,0.127,1900
Oct 24 2021 09: +0,0.12,2501
Oct 24 2021 10: +0,0.114,3400
Oct 24 2021 11: +0,0.116,3246
Oct 24 2021 12: +0,0.114,2939
Oct 24 2021 13: +0,0.115,3147
Oct 24 2021 14: +0,0.116,3675
Oct 24 2021 15: +0,0.119,4123
Oct 24 2021 16: +0,0.116,3509
Oct 24 2021 17: +0,0.116,3656
Oct 24 2021 18: +0,0.117,4362
Oct 24 2021 19: +0,0.114,3453
Oct 24 2021 20: +0,0.115,3356
Oct 24 2021 21: +0,0.114,3394
Oct 24 2021 22: +0,0.119,3331
Oct 24 2021 23: +0,0.119,2285
Oct 25 2021 00: +0,0.117,2213
Oct 25 2021 01: +0,0.13,2362
Oct 25 2021 02: +0,0.13,1728
Oct 25 2021 03: +0,0.12,1417
Oct 25 2021 04: +0,0.127,1734
Oct 25 2021 05: +0,0.12,1630
Oct 25 2021 06: +0,0.12,2315
Oct 25 2021 07: +0,0.122,1370
Oct 25 2021 08: +0,0.127,2687
Oct 25 2021 09: +0,0.12,2510
Oct 25 2021 10: +0,0.119,2301
Oct 25 2021 11: +0,0.12,2797
Oct 25 2021 12: +0,0.12,2916
Oct 25 2021 13: +0,0.12,3074
Oct 25 2021 14: +0,0.119,3507
Oct 25 2021 15: +0,0.12,3754
Oct 25 2021 16: +0,0.12,4439
Oct 25 2021 17: +0,0.12,4562
Oct 25 2021 18: +0,0.117,4550
Oct 25 2021 19: +0,0.117,4961
Oct 25 2021 20: +0,0.117,4660
Oct 25 2021 21: +0,0.117,3671
Oct 25 2021 22: +0,0.116,3281
Oct 25 2021 23: +0,0.121,1379
Oct 26 2021 00: +0,0.118,1751
Oct 26 2021 01: +0,0.122,3047
Oct 26 2021 02: +0,0.12,1845
Oct 26 2021 03: +0,0.117,1448
Oct 26 2021 04: +0,0.121,1490
Oct 26 2021 05: +0,0.12,1364
Oct 26 2021 06: +0,0.12,1154
Oct 26 2021 07: +0,0.127,1937
Oct 26 2021 08: +0,0.116,1546
Oct 26 2021 09: +0,0.121,2651
Oct 26 2021 10: +0,0.117,2431
Oct 26 2021 11: +0,0.12,2842
Oct 26 2021 12: +0,0.128,3695
Oct 26 2021 13: +0,0.12,2952
Oct 26 2021 14: +0,0.127,3501
Oct 26 2021 15: +0,0.116,3535
Oct 26 2021 16: +0,0.125,3853
Oct 26 2021 17: +0,0.121,3283
Oct 26 2021 18: +0,0.117,3976
Oct 26 2021 19: +0,0.116,3737
Oct 26 2021 20: +0,0.116,3826
Oct 26 2021 21: +0,0.12,3278
Oct 26 2021 22: +0,0.12,2928
Oct 26 2021 23: +0,0.12,2553
Oct 27 2021 00: +0,0.117,1450
Oct 27 2021 01: +0,0.12,2011
Oct 27 2021 02: +0,0.116,1535
Oct 27 2021 03: +0,0.12,1624
Oct 27 2021 04: +0,0.121,1559
Oct 27 2021 05: +0,0.12,1526
Oct 27 2021 06: +0,0.12,1275
