Steam_scrapper/Database_of_items_price/Clutch Case.csv
Date,Price,Quantity Sold
Oct 27 2021 07: +0,0.12,1905
Oct 27 2021 08: +0,0.12,1894
Oct 27 2021 09: +0,0.118,1711
Oct 27 2021 10: +0,0.119,2250
Oct 27 2021 11: +0,0.119,2463
Oct 27 2021 12: +0,0.119,2947
Oct 27 2021 13: +0,0.117,3252
Oct 27 2021 14: +0,0.12,3595
Oct 27 2021 15: +0,0.119,4078
Oct 27 2021 16: +0,0.12,4060
Oct 27 2021 17: +0,0.118,3612
Oct 27 2021 18: +0,0.117,4495
Oct 27 2021 19: +0,0.118,4584
Oct 27 2021 20: +0,0.12,3772
Oct 27 2021 21: +0,0.116,3367
Oct 27 2021 22: +0,0.117,3954
Oct 27 2021 23: +0,0.116,2620
Oct 28 2021 00: +0,0.117,2000
Oct 28 2021 01: +0,0.12,1618
Oct 28 2021 02: +0,0.117,1274
Oct 28 2021 03: +0,0.116,418
Oct 28 2021 04: +0,0.118,1185
Oct 28 2021 05: +0,0.116,967
Oct 28 2021 06: +0,0.12,1358
Oct 28 2021 07: +0,0.127,1728
Oct 28 2021 08: +0,0.117,1626
Oct 28 2021 09: +0,0.12,1913
Oct 28 2021 10: +0,0.12,2619
Oct 28 2021 11: +0,0.121,3149
Oct 28 2021 12: +0,0.115,2427
Oct 28 2021 13: +0,0.116,3445
Oct 28 2021 14: +0,0.121,3676
Oct 28 2021 15: +0,0.116,3317
Oct 28 2021 16: +0,0.118,3885
Oct 28 2021 17: +0,0.118,4807
Oct 28 2021 18: +0,0.116,4714
Oct 28 2021 19: +0,0.113,5990
Oct 28 2021 20: +0,0.115,4550
Oct 28 2021 21: +0,0.116,4551
Oct 28 2021 22: +0,0.118,3706
Oct 28 2021 23: +0,0.117,2955
Oct 29 2021 00: +0,0.117,2227
Oct 29 2021 01: +0,0.117,1803
Oct 29 2021 02: +0,0.12,2027
Oct 29 2021 03: +0,0.119,1760
Oct 29 2021 04: +0,0.119,1497
Oct 29 2021 05: +0,0.12,1900
Oct 29 2021 06: +0,0.12,1997
Oct 29 2021 07: +0,0.125,2803
Oct 29 2021 08: +0,0.119,2431
Oct 29 2021 09: +0,0.12,2346
Oct 29 2021 10: +0,0.121,3465
Oct 29 2021 11: +0,0.12,2800
Oct 29 2021 12: +0,0.12,3749
Oct 29 2021 13: +0,0.119,3537
Oct 29 2021 14: +0,0.119,3633
Oct 29 2021 15: +0,0.118,4088
Oct 29 2021 16: +0,0.122,4857
Oct 29 2021 17: +0,0.118,5207
Oct 29 2021 18: +0,0.116,4781
Oct 29 2021 19: +0,0.113,4400
Oct 29 2021 20: +0,0.113,4406
Oct 29 2021 21: +0,0.112,4337
Oct 29 2021 22: +0,0.112,3296
Oct 29 2021 23: +0,0.112,3093
Oct 30 2021 00: +0,0.113,2354
Oct 30 2021 01: +0,0.113,2365
Oct 30 2021 02: +0,0.113,1584
Oct 30 2021 03: +0,0.115,2029
Oct 30 2021 04: +0,0.12,1651
Oct 30 2021 05: +0,0.114,1640
Oct 30 2021 06: +0,0.115,1833
Oct 30 2021 07: +0,0.112,1893
Oct 30 2021 08: +0,0.113,2261
Oct 30 2021 09: +0,0.112,2152
Oct 30 2021 10: +0,0.113,2981
Oct 30 2021 11: +0,0.112,3414
Oct 30 2021 12: +0,0.11,3292
Oct 30 2021 13: +0,0.109,4226
Oct 30 2021 14: +0,0.109,3993
Oct 30 2021 15: +0,0.112,6590
Oct 30 2021 16: +0,0.111,5545
Oct 30 2021 17: +0,0.111,5158
Oct 30 2021 18: +0,0.111,4733
Oct 30 2021 19: +0,0.111,4258
Oct 30 2021 20: +0,0.111,4351
Oct 30 2021 21: +0,0.111,4395
Oct 30 2021 22: +0,0.109,3187
Oct 30 2021 23: +0,0.116,3828
Oct 31 2021 00: +0,0.11,2157
Oct 31 2021 01: +0,0.111,1953
Oct 31 2021 02: +0,0.11,1433
Oct 31 2021 03: +0,0.116,1754
Oct 31 2021 04: +0,0.113,1835
Oct 31 2021 05: +0,0.113,1543
Oct 31 2021 06: +0,0.12,1618
Oct 31 2021 07: +0,0.116,2032
Oct 31 2021 08: +0,0.113,2255
Oct 31 2021 09: +0,0.113,2817
Oct 31 2021 10: +0,0.115,3675
Oct 31 2021 11: +0,0.115,3689
Oct 31 2021 12: +0,0.113,3850
Oct 31 2021 13: +0,0.112,4603
Oct 31 2021 14: +0,0.117,5481
Oct 31 2021 15: +0,0.115,5098
Oct 31 2021 16: +0,0.112,4253
Oct 31 2021 17: +0,0.113,4835
Oct 31 2021 18: +0,0.113,5697
Oct 31 2021 19: +0,0.111,5302
Oct 31 2021 20: +0,0.113,5497
Oct 31 2021 21: +0,0.113,6417
Oct 31 2021 22: +0,0.109,3553
Oct 31 2021 23: +0,0.108,2673
Nov 01 2021 00: +0,0.107,2145
Nov 01 2021 01: +0,0.11,2050
Nov 01 2021 02: +0,0.109,1541
Nov 01 2021 03: +0,0.111,1552
Nov 01 2021 04: +0,0.11,1192
Nov 01 2021 05: +0,0.119,1701
Nov 01 2021 06: +0,0.115,1455
Nov 01 2021 07: +0,0.119,1651
Nov 01 2021 08: +0,0.113,1926
Nov 01 2021 09: +0,0.113,2092
Nov 01 2021 10: +0,0.113,2597
Nov 01 2021 11: +0,0.113,3404
Nov 01 2021 12: +0,0.12,3593
Nov 01 2021 13: +0,0.113,4096
Nov 01 2021 14: +0,0.117,3759
Nov 01 2021 15: +0,0.119,4449
Nov 01 2021 16: +0,0.114,4009
Nov 01 2021 17: +0,0.119,4040
Nov 01 2021 18: +0,0.113,4345
Nov 01 2021 19: +0,0.112,4322
Nov 01 2021 20: +0,0.109,3937
Nov 01 2021 21: +0,0.109,3877
Nov 01 2021 22: +0,0.12,4450
Nov 01 2021 23: +0,0.108,2217
Nov 02 2021 00: +0,0.108,2162
Nov 02 2021 01: +0,0.12,1721
Nov 02 2021 02: +0,0.119,1516
Nov 02 2021 03: +0,0.12,1491
Nov 02 2021 04: +0,0.12,1592
Nov 02 2021 05: +0,0.116,921
Nov 02 2021 06: +0,0.119,1542
Nov 02 2021 07: +0,0.12,1510
Nov 02 2021 08: +0,0.127,2245
Nov 02 2021 09: +0,0.12,1842
Nov 02 2021 10: +0,0.115,2455
Nov 02 2021 11: +0,0.113,2594
Nov 02 2021 12: +0,0.12,2528
Nov 02 2021 13: +0,0.12,3200
Nov 02 2021 14: +0,0.116,3729
Nov 02 2021 15: +0,0.116,3520
Nov 02 2021 16: +0,0.116,4191
Nov 02 2021 17: +0,0.13,5571
Nov 02 2021 18: +0,0.117,4590
Nov 02 2021 19: +0,0.118,3730
Nov 02 2021 20: +0,0.12,3773
Nov 02 2021 21: +0,0.116,3728
Nov 02 2021 22: +0,0.116,3325
Nov 02 2021 23: +0,0.115,2988
Nov 03 2021 00: +0,0.116,1958
Nov 03 2021 01: +0,0.121,2510
Nov 03 2021 02: +0,0.128,1985
Nov 03 2021 03: +0,0.122,1736
Nov 03 2021 04: +0,0.122,1674
Nov 03 2021 05: +0,0.126,2009
Nov 03 2021 06: +0,0.127,1363
Nov 03 2021 07: +0,0.119,1811
Nov 03 2021 08: +0,0.119,2141
Nov 03 2021 09: +0,0.119,1665
Nov 03 2021 10: +0,0.119,2298
Nov 03 2021 11: +0,0.116,2670
Nov 03 2021 12: +0,0.114,2421
Nov 03 2021 13: +0,0.118,3975
Nov 03 2021 14: +0,0.12,3669
Nov 03 2021 15: +0,0.126,4535
Nov 03 2021 16: +0,0.127,4618
Nov 03 2021 17: +0,0.12,5039
Nov 03 2021 18: +0,0.12,5095
Nov 03 2021 19: +0,0.118,4000
Nov 03 2021 20: +0,0.12,4482
Nov 03 2021 21: +0,0.12,4200
Nov 03 2021 22: +0,0.12,3057
Nov 03 2021 23: +0,0.116,3166
Nov 04 2021 00: +0,0.12,2451
Nov 04 2021 01: +0,0.122,1908
Nov 04 2021 02: +0,0.127,2412
Nov 04 2021 03: +0,0.12,1367
Nov 04 2021 04: +0,0.127,1510
Nov 04 2021 05: +0,0.126,946
Nov 04 2021 06: +0,0.126,1219
Nov 04 2021 07: +0,0.13,1635
Nov 04 2021 08: +0,0.119,1721
Nov 04 2021 09: +0,0.122,2065
Nov 04 2021 10: +0,0.126,3424
Nov 04 2021 11: +0,0.12,2356
Nov 04 2021 12: +0,0.12,2609
Nov 04 2021 13: +0,0.12,2877
Nov 04 2021 14: +0,0.12,3915
Nov 04 2021 15: +0,0.12,3841
Nov 04 2021 16: +0,0.121,3767
Nov 04 2021 17: +0,0.126,4133
Nov 04 2021 18: +0,0.119,4039
Nov 04 2021 19: +0,0.118,3892
Nov 04 2021 20: +0,0.117,4090
Nov 04 2021 21: +0,0.119,4416
Nov 04 2021 22: +0,0.119,2870
Nov 04 2021 23: +0,0.12,3620
Nov 05 2021 00: +0,0.119,2255
Nov 05 2021 01: +0,0.12,2160
Nov 05 2021 02: +0,0.12,1904
Nov 05 2021 03: +0,0.124,1573
Nov 05 2021 04: +0,0.127,1289
Nov 05 2021 05: +0,0.128,1413
Nov 05 2021 06: +0,0.128,2054
Nov 05 2021 07: +0,0.13,1975
Nov 05 2021 08: +0,0.13,2379
Nov 05 2021 09: +0,0.135,3336
Nov 05 2021 10: +0,0.127,5625
Nov 05 2021 11: +0,0.127,4326
Nov 05 2021 12: +0,0.127,3593
Nov 05 2021 13: +0,0.126,3709
Nov 05 2021 14: +0,0.125,3360
Nov 05 2021 15: +0,0.122,3032
Nov 05 2021 16: +0,0.124,3284
Nov 05 2021 17: +0,0.125,3622
Nov 05 2021 18: +0,0.127,4435
Nov 05 2021 19: +0,0.127,4964
Nov 05 2021 20: +0,0.128,4619
Nov 05 2021 21: +0,0.127,4843
Nov 05 2021 22: +0,0.127,5553
Nov 05 2021 23: +0,0.127,3790
Nov 06 2021 00: +0,0.128,3002
Nov 06 2021 01: +0,0.13,2610
Nov 06 2021 02: +0,0.13,1910
Nov 06 2021 03: +0,0.13,2219
Nov 06 2021 04: +0,0.133,1940
Nov 06 2021 05: +0,0.138,2146
Nov 06 2021 06: +0,0.137,1808
Nov 06 2021 07: +0,0.137,2025
Nov 06 2021 08: +0,0.138,2883
Nov 06 2021 09: +0,0.139,5077
Nov 06 2021 10: +0,0.141,4020
Nov 06 2021 11: +0,0.14,3889
Nov 06 2021 12: +0,0.141,4650
Nov 06 2021 13: +0,0.14,3929
Nov 06 2021 14: +0,0.145,7345
Nov 06 2021 15: +0,0.144,6333
Nov 06 2021 16: +0,0.143,5016
Nov 06 2021 17: +0,0.14,4232
Nov 06 2021 18: +0,0.143,5153
Nov 06 2021 19: +0,0.148,5435
Nov 06 2021 20: +0,0.14,4933
Nov 06 2021 21: +0,0.141,4250
Nov 06 2021 22: +0,0.138,3801
Nov 06 2021 23: +0,0.138,3899
Nov 07 2021 00: +0,0.138,2947
Nov 07 2021 01: +0,0.138,2176
Nov 07 2021 02: +0,0.138,1875
Nov 07 2021 03: +0,0.138,1655
Nov 07 2021 04: +0,0.149,1970
Nov 07 2021 05: +0,0.153,3676
Nov 07 2021 06: +0,0.15,1368
Nov 07 2021 07: +0,0.154,2960
Nov 07 2021 08: +0,0.148,2207
Nov 07 2021 09: +0,0.154,4186
Nov 07 2021 10: +0,0.151,3905
Nov 07 2021 11: +0,0.149,4026
Nov 07 2021 12: +0,0.151,4645
Nov 07 2021 13: +0,0.149,5166
Nov 07 2021 14: +0,0.14,3725
Nov 07 2021 15: +0,0.138,3881
Nov 07 2021 16: +0,0.138,4319
Nov 07 2021 17: +0,0.138,4685
Nov 07 2021 18: +0,0.136,4209
Nov 07 2021 19: +0,0.134,5264
Nov 07 2021 20: +0,0.133,4196
Nov 07 2021 21: +0,0.133,4550
Nov 07 2021 22: +0,0.131,3077
Nov 07 2021 23: +0,0.133,4699
Nov 08 2021 00: +0,0.13,2538
Nov 08 2021 01: +0,0.132,2197
Nov 08 2021 02: +0,0.13,1633
Nov 08 2021 03: +0,0.131,1890
Nov 08 2021 04: +0,0.133,1631
Nov 08 2021 05: +0,0.133,1267
Nov 08 2021 06: +0,0.136,1883
Nov 08 2021 07: +0,0.13,2173
Nov 08 2021 08: +0,0.13,1850
Nov 08 2021 09: +0,0.13,2356
Nov 08 2021 10: +0,0.13,2603
Nov 08 2021 11: +0,0.13,2592
Nov 08 2021 12: +0,0.13,3045
Nov 08 2021 13: +0,0.129,3001
Nov 08 2021 14: +0,0.128,3424
Nov 08 2021 15: +0,0.128,3753
Nov 08 2021 16: +0,0.126,3353
Nov 08 2021 17: +0,0.126,3996
Nov 08 2021 18: +0,0.125,4222
Nov 08 2021 19: +0,0.13,4233
Nov 08 2021 20: +0,0.121,4386
Nov 08 2021 21: +0,0.12,3358
Nov 08 2021 22: +0,0.119,2634
Nov 08 2021 23: +0,0.119,2092
Nov 09 2021 00: +0,0.117,1712
Nov 09 2021 01: +0,0.118,1329
Nov 09 2021 02: +0,0.119,1815
Nov 09 2021 03: +0,0.13,2095
Nov 09 2021 04: +0,0.13,1220
Nov 09 2021 05: +0,0.128,1330
Nov 09 2021 06: +0,0.127,1219
Nov 09 2021 07: +0,0.127,1310
Nov 09 2021 08: +0,0.128,1612
Nov 09 2021 09: +0,0.13,1654
Nov 09 2021 10: +0,0.127,1854
Nov 09 2021 11: +0,0.13,2444
Nov 09 2021 12: +0,0.13,2381
